<html>
<body>
<pre>
<h1>µVision Build Log</h1>
<h2>Project:</h2>
C:\Users\Daniel\Documents\Schoolwork\EE 319K\Spring 2017\Labs\lab1-dnc1231\Lab1.uvproj
Project File Date:  01/28/2017

<h2>Output:</h2>
Rebuild target 'Lab1'
assembling Startup.s...
compiling main.c...
compiling Lab1.c...
compiling UART.c...
linking...
Program Size: Code=1888 RO-data=32 RW-data=120 ZI-data=2168  
".\Lab1.axf" - 0 Error(s), 0 Warning(s).
</pre>
</body>
</html>
ocuments\\Schoolwork\\EE 319K\\Spring 2017\\Labs\\lab1-dnc1231\\Lab1.axf" 
Warning: OSC to JTAG clock ratio violation - JTAG clock has been automatically adjusted to comply.
Connecting: Mode=JTAG, Speed=600000Hz
Connection failed!, error code=&d
Error: Flash Download failed  -  Target DLL has been cancelled
Load "C:\\Users\\Daniel\\Documents\\Schoolwork\\EE 319K\\Spring 2017\\Labs\\lab1-dnc1231\\Lab1.axf" 
Warning: OSC to JTAG clock ratio violation - JTAG clock has been automatically adjusted to comply.
Connecting: Mode=JTAG, Speed=600000Hz
Connection failed!, error code=&d
Error: Flash Download failed  -  Target DLL has been cancelled
